20:11:29 **** Incremental Build of configuration Debug for project 4.systick_usdelay ****
make -j12 all 
arm-none-eabi-gcc "../Core/Src/main.c" -mcpu=cortex-m0plus -std=gnu11 -g3 -DDEBUG -DUSE_HAL_DRIVER -DSTM32L053xx -c -I../Core/Inc -I../Drivers/STM32L0xx_HAL_Driver/Inc -I../Drivers/STM32L0xx_HAL_Driver/Inc/Legacy -I../Drivers/CMSIS/Device/ST/STM32L0xx/Include -I../Drivers/CMSIS/Include -O0 -ffunction-sections -fdata-sections -Wall -fstack-usage -fcyclomatic-complexity -MMD -MP -MF"Core/Src/main.d" -MT"Core/Src/main.o" --specs=nano.specs -mfloat-abi=soft -mthumb -o "Core/Src/main.o"
arm-none-eabi-gcc -o "4.systick_usdelay.elf" @"objects.list"   -mcpu=cortex-m0plus -T"/home/teja/github/Nucleo-L053R8-Projects/4.systick_usdelay/STM32L053R8TX_FLASH.ld" --specs=nosys.specs -Wl,-Map="4.systick_usdelay.map" -Wl,--gc-sections -static --specs=nano.specs -mfloat-abi=soft -mthumb -Wl,--start-group -lc -lm -Wl,--end-group
Finished building target: 4.systick_usdelay.elf
 
arm-none-eabi-size  4.systick_usdelay.elf 
arm-none-eabi-objdump -h -S 4.systick_usdelay.elf  > "4.systick_usdelay.list"
   text	   data	    bss	    dec	    hex	filename
  10288	     12	   1708	  12008	   2ee8	4.systick_usdelay.elf
Finished building: default.size.stdout
 
Finished building: 4.systick_usdelay.list
 

20:11:30 Build Finished. 0 errors, 0 warnings. (took 502ms)

