12:29:27 **** Incremental Build of configuration Debug for project 6.ext_interrupts ****
make -j12 all 
arm-none-eabi-gcc "../Drivers/STM32L0xx_HAL_Driver/Src/stm32l0xx_hal_gpio.c" -mcpu=cortex-m0plus -std=gnu11 -g3 -DDEBUG -DUSE_HAL_DRIVER -DSTM32L053xx -c -I../Core/Inc -I../Drivers/STM32L0xx_HAL_Driver/Inc -I../Drivers/STM32L0xx_HAL_Driver/Inc/Legacy -I../Drivers/CMSIS/Device/ST/STM32L0xx/Include -I../Drivers/CMSIS/Include -O0 -ffunction-sections -fdata-sections -Wall -fstack-usage -fcyclomatic-complexity -MMD -MP -MF"Drivers/STM32L0xx_HAL_Driver/Src/stm32l0xx_hal_gpio.d" -MT"Drivers/STM32L0xx_HAL_Driver/Src/stm32l0xx_hal_gpio.o" --specs=nano.specs -mfloat-abi=soft -mthumb -o "Drivers/STM32L0xx_HAL_Driver/Src/stm32l0xx_hal_gpio.o"
arm-none-eabi-gcc -o "6.ext_interrupts.elf" @"objects.list"   -mcpu=cortex-m0plus -T"/home/teja/github/Nucleo-L053R8-Projects/6.ext_interrupts/STM32L053R8TX_FLASH.ld" --specs=nosys.specs -Wl,-Map="6.ext_interrupts.map" -Wl,--gc-sections -static --specs=nano.specs -mfloat-abi=soft -mthumb -Wl,--start-group -lc -lm -Wl,--end-group
Finished building target: 6.ext_interrupts.elf
 
arm-none-eabi-size  6.ext_interrupts.elf 
arm-none-eabi-objdump -h -S 6.ext_interrupts.elf  > "6.ext_interrupts.list"
   text	   data	    bss	    dec	    hex	filename
  10332	     12	   1708	  12052	   2f14	6.ext_interrupts.elf
Finished building: default.size.stdout
 
Finished building: 6.ext_interrupts.list
 

12:29:27 Build Finished. 0 errors, 0 warnings. (took 550ms)

